//
// AUTO-GENERATED FILE. DO NOT MODIFY.
//
// This class was automatically generated by Apollo GraphQL version '4.0.0-beta.3-SNAPSHOT'.
//
package com.example.flatten_explicitly.adapter

import com.apollographql.apollo3.api.Adapter
import com.apollographql.apollo3.api.CustomScalarAdapters
import com.apollographql.apollo3.api.StringAdapter
import com.apollographql.apollo3.api.json.JsonReader
import com.apollographql.apollo3.api.json.JsonWriter
import com.apollographql.apollo3.api.missingField
import com.apollographql.apollo3.api.nullable
import com.apollographql.apollo3.api.obj
import com.example.flatten_explicitly.MyQueryIsNamedReallyLongOnPurposeBecauseIWantItToBeTooLong
import kotlin.String
import kotlin.collections.List

public object MyQueryIsNamedReallyLongOnPurposeBecauseIWantItToBeTooLong_ResponseAdapter {
  public object Data : Adapter<MyQueryIsNamedReallyLongOnPurposeBecauseIWantItToBeTooLong.Data> {
    public val RESPONSE_NAMES: List<String> = listOf("postspagearealmostlongenoughtobecomicals")

    override fun fromJson(reader: JsonReader, customScalarAdapters: CustomScalarAdapters):
        MyQueryIsNamedReallyLongOnPurposeBecauseIWantItToBeTooLong.Data {
      var _postspagearealmostlongenoughtobecomicals: MyQueryIsNamedReallyLongOnPurposeBecauseIWantItToBeTooLong.Data.Postspagearealmostlongenoughtobecomicals? = null

      while (true) {
        when (reader.selectName(RESPONSE_NAMES)) {
          0 -> _postspagearealmostlongenoughtobecomicals = Postspagearealmostlongenoughtobecomicals.obj(true).nullable().fromJson(reader, customScalarAdapters)
          else -> break
        }
      }

      return MyQueryIsNamedReallyLongOnPurposeBecauseIWantItToBeTooLong.Data(
        postspagearealmostlongenoughtobecomicals = _postspagearealmostlongenoughtobecomicals
      )
    }

    override fun toJson(
      writer: JsonWriter,
      customScalarAdapters: CustomScalarAdapters,
      `value`: MyQueryIsNamedReallyLongOnPurposeBecauseIWantItToBeTooLong.Data,
    ) {
      writer.name("postspagearealmostlongenoughtobecomicals")
      Postspagearealmostlongenoughtobecomicals.obj(true).nullable().toJson(writer,
          customScalarAdapters, value.postspagearealmostlongenoughtobecomicals)
    }

    private object Postspagearealmostlongenoughtobecomicals :
        Adapter<MyQueryIsNamedReallyLongOnPurposeBecauseIWantItToBeTooLong.Data.Postspagearealmostlongenoughtobecomicals>
        {
      public val RESPONSE_NAMES: List<String> = listOf("__typename")

      override fun fromJson(reader: JsonReader, customScalarAdapters: CustomScalarAdapters):
          MyQueryIsNamedReallyLongOnPurposeBecauseIWantItToBeTooLong.Data.Postspagearealmostlongenoughtobecomicals {
        var __typename: String? = null

        while (true) {
          when (reader.selectName(RESPONSE_NAMES)) {
            0 -> __typename = StringAdapter.fromJson(reader, customScalarAdapters)
            else -> break
          }
        }

        reader.rewind()
        val _unnecessaryFragmentForPostsPageWithAnExtraBitOfCharactersBecauseIWantItToBeTooLong = com.example.flatten_explicitly.fragment.UnnecessaryFragmentForPostsPageWithAnExtraBitOfCharactersBecauseIWantItToBeTooLongImpl_ResponseAdapter.UnnecessaryFragmentForPostsPageWithAnExtraBitOfCharactersBecauseIWantItToBeTooLong.fromJson(reader,
            customScalarAdapters)

        return MyQueryIsNamedReallyLongOnPurposeBecauseIWantItToBeTooLong.Data.Postspagearealmostlongenoughtobecomicals(
          __typename = __typename ?: missingField(reader, "__typename"),
          unnecessaryFragmentForPostsPageWithAnExtraBitOfCharactersBecauseIWantItToBeTooLong = _unnecessaryFragmentForPostsPageWithAnExtraBitOfCharactersBecauseIWantItToBeTooLong
        )
      }

      override fun toJson(
        writer: JsonWriter,
        customScalarAdapters: CustomScalarAdapters,
        `value`: MyQueryIsNamedReallyLongOnPurposeBecauseIWantItToBeTooLong.Data.Postspagearealmostlongenoughtobecomicals,
      ) {
        writer.name("__typename")
        StringAdapter.toJson(writer, customScalarAdapters, value.__typename)

        com.example.flatten_explicitly.fragment.UnnecessaryFragmentForPostsPageWithAnExtraBitOfCharactersBecauseIWantItToBeTooLongImpl_ResponseAdapter.UnnecessaryFragmentForPostsPageWithAnExtraBitOfCharactersBecauseIWantItToBeTooLong.toJson(writer,
            customScalarAdapters,
            value.unnecessaryFragmentForPostsPageWithAnExtraBitOfCharactersBecauseIWantItToBeTooLong)
      }
    }
  }
}
