//
// AUTO-GENERATED FILE. DO NOT MODIFY.
//
// This class was automatically generated by Apollo GraphQL version '4.0.0-beta.3-SNAPSHOT'.
//
package com.example.flatten_explicitly.adapter

import com.apollographql.apollo3.api.CustomScalarAdapters
import com.apollographql.apollo3.api.Optional
import com.apollographql.apollo3.api.json.JsonWriter
import com.apollographql.apollo3.api.nullable
import com.apollographql.apollo3.api.obj
import com.apollographql.apollo3.api.present
import com.example.flatten_explicitly.MyQueryIsNamedReallyLongOnPurposeBecauseIWantItToBeTooLong
import com.example.flatten_explicitly.type.adapter.PageQueryOptions_InputAdapter
import kotlin.Boolean
import kotlin.Suppress

public object MyQueryIsNamedReallyLongOnPurposeBecauseIWantItToBeTooLong_VariablesAdapter {
  @Suppress(
    "UNUSED_PARAMETER",
    "UNUSED_VARIABLE",
  )
  public fun serializeVariables(
    writer: JsonWriter,
    `value`: MyQueryIsNamedReallyLongOnPurposeBecauseIWantItToBeTooLong,
    customScalarAdapters: CustomScalarAdapters,
    withDefaultValues: Boolean,
  ) {
    if (value.options is Optional.Present) {
      writer.name("options")
      PageQueryOptions_InputAdapter.obj().nullable().present().toJson(writer, customScalarAdapters,
          value.options)
    }
  }
}
