//
// AUTO-GENERATED FILE. DO NOT MODIFY.
//
// This class was automatically generated by Apollo GraphQL version '4.0.0-beta.3-SNAPSHOT'.
//
package com.example.flatten_explicitly.fragment.selections

import com.apollographql.apollo3.api.CompiledField
import com.apollographql.apollo3.api.CompiledSelection
import com.apollographql.apollo3.api.notNull
import com.example.flatten_explicitly.type.GraphQLInt
import com.example.flatten_explicitly.type.GraphQLString
import kotlin.collections.List

public object
    UnnecessaryFragmentForPageLimitPairWithAnExtraBitOfCharactersBecauseIWantItToBeTooLongSelections
    {
  public val __root: List<CompiledSelection> = listOf(
        CompiledField.Builder(
          name = "__typename",
          type = GraphQLString.type.notNull()
        ).build(),
        CompiledField.Builder(
          name = "page",
          type = GraphQLInt.type
        ).build(),
        CompiledField.Builder(
          name = "limit",
          type = GraphQLInt.type
        ).build()
      )
}
