//
// AUTO-GENERATED FILE. DO NOT MODIFY.
//
// This class was automatically generated by Apollo GraphQL version '4.0.0-beta.3-SNAPSHOT'.
//
package com.pinterest.myapolloforkapplication.type.adapter

import com.apollographql.apollo3.api.Adapter
import com.apollographql.apollo3.api.CustomScalarAdapters
import com.apollographql.apollo3.api.NullableStringAdapter
import com.apollographql.apollo3.api.Optional
import com.apollographql.apollo3.api.json.JsonReader
import com.apollographql.apollo3.api.json.JsonWriter
import com.apollographql.apollo3.api.present
import com.pinterest.myapolloforkapplication.type.CompanyInput
import kotlin.IllegalStateException

public object CompanyInput_InputAdapter : Adapter<CompanyInput> {
  override fun fromJson(reader: JsonReader, customScalarAdapters: CustomScalarAdapters):
      CompanyInput = throw IllegalStateException("Input type used in output position")

  override fun toJson(
    writer: JsonWriter,
    customScalarAdapters: CustomScalarAdapters,
    `value`: CompanyInput,
  ) {
    if (value.name is Optional.Present) {
      writer.name("name")
      NullableStringAdapter.present().toJson(writer, customScalarAdapters, value.name)
    }
    if (value.catchPhrase is Optional.Present) {
      writer.name("catchPhrase")
      NullableStringAdapter.present().toJson(writer, customScalarAdapters, value.catchPhrase)
    }
    if (value.bs is Optional.Present) {
      writer.name("bs")
      NullableStringAdapter.present().toJson(writer, customScalarAdapters, value.bs)
    }
  }
}
