//
// AUTO-GENERATED FILE. DO NOT MODIFY.
//
// This class was automatically generated by Apollo GraphQL version '4.0.0-beta.3-SNAPSHOT'.
//
package com.pinterest.myapolloforkapplication.type.adapter

import com.apollographql.apollo3.api.Adapter
import com.apollographql.apollo3.api.CustomScalarAdapters
import com.apollographql.apollo3.api.StringAdapter
import com.apollographql.apollo3.api.json.JsonReader
import com.apollographql.apollo3.api.json.JsonWriter
import com.pinterest.myapolloforkapplication.type.CreatePostInput
import kotlin.IllegalStateException

public object CreatePostInput_InputAdapter : Adapter<CreatePostInput> {
  override fun fromJson(reader: JsonReader, customScalarAdapters: CustomScalarAdapters):
      CreatePostInput = throw IllegalStateException("Input type used in output position")

  override fun toJson(
    writer: JsonWriter,
    customScalarAdapters: CustomScalarAdapters,
    `value`: CreatePostInput,
  ) {
    writer.name("title")
    StringAdapter.toJson(writer, customScalarAdapters, value.title)
    writer.name("body")
    StringAdapter.toJson(writer, customScalarAdapters, value.body)
  }
}
