//
// AUTO-GENERATED FILE. DO NOT MODIFY.
//
// This class was automatically generated by Apollo GraphQL version '4.0.0-beta.3-SNAPSHOT'.
//
package com.pinterest.myapolloforkapplication.type.adapter

import com.apollographql.apollo3.api.Adapter
import com.apollographql.apollo3.api.CustomScalarAdapters
import com.apollographql.apollo3.api.NullableStringAdapter
import com.apollographql.apollo3.api.Optional
import com.apollographql.apollo3.api.json.JsonReader
import com.apollographql.apollo3.api.json.JsonWriter
import com.apollographql.apollo3.api.nullable
import com.apollographql.apollo3.api.present
import com.pinterest.myapolloforkapplication.type.OperatorOptions
import kotlin.IllegalStateException

public object OperatorOptions_InputAdapter : Adapter<OperatorOptions> {
  override fun fromJson(reader: JsonReader, customScalarAdapters: CustomScalarAdapters):
      OperatorOptions = throw IllegalStateException("Input type used in output position")

  override fun toJson(
    writer: JsonWriter,
    customScalarAdapters: CustomScalarAdapters,
    `value`: OperatorOptions,
  ) {
    if (value.kind is Optional.Present) {
      writer.name("kind")
      OperatorKindEnum_ResponseAdapter.nullable().present().toJson(writer, customScalarAdapters,
          value.kind)
    }
    if (value.`field` is Optional.Present) {
      writer.name("field")
      NullableStringAdapter.present().toJson(writer, customScalarAdapters, value.`field`)
    }
    if (value.`value` is Optional.Present) {
      writer.name("value")
      NullableStringAdapter.present().toJson(writer, customScalarAdapters, value.`value`)
    }
  }
}
