//
// AUTO-GENERATED FILE. DO NOT MODIFY.
//
// This class was automatically generated by Apollo GraphQL version '$VERSION'.
//
package com.example.flatten_explicitly.type.adapter

import com.apollographql.apollo3.api.Adapter
import com.apollographql.apollo3.api.CustomScalarAdapters
import com.apollographql.apollo3.api.NullableIntAdapter
import com.apollographql.apollo3.api.Optional
import com.apollographql.apollo3.api.json.JsonReader
import com.apollographql.apollo3.api.json.JsonWriter
import com.apollographql.apollo3.api.present
import com.example.flatten_explicitly.type.PaginateOptions
import kotlin.IllegalStateException

public object PaginateOptions_InputAdapter : Adapter<PaginateOptions> {
  override fun fromJson(reader: JsonReader, customScalarAdapters: CustomScalarAdapters):
      PaginateOptions = throw IllegalStateException("Input type used in output position")

  override fun toJson(
    writer: JsonWriter,
    customScalarAdapters: CustomScalarAdapters,
    `value`: PaginateOptions,
  ) {
    if (value.page is Optional.Present) {
      writer.name("page")
      NullableIntAdapter.present().toJson(writer, customScalarAdapters, value.page)
    }
    if (value.limit is Optional.Present) {
      writer.name("limit")
      NullableIntAdapter.present().toJson(writer, customScalarAdapters, value.limit)
    }
  }
}
