//
// AUTO-GENERATED FILE. DO NOT MODIFY.
//
// This class was automatically generated by Apollo GraphQL version '$VERSION'.
//
package com.example.flatten_explicitly.type.adapter

import com.apollographql.apollo3.api.Adapter
import com.apollographql.apollo3.api.CustomScalarAdapters
import com.apollographql.apollo3.api.NullableStringAdapter
import com.apollographql.apollo3.api.Optional
import com.apollographql.apollo3.api.json.JsonReader
import com.apollographql.apollo3.api.json.JsonWriter
import com.apollographql.apollo3.api.present
import com.example.flatten_explicitly.type.SearchOptions
import kotlin.IllegalStateException

public object SearchOptions_InputAdapter : Adapter<SearchOptions> {
  override fun fromJson(reader: JsonReader, customScalarAdapters: CustomScalarAdapters):
      SearchOptions = throw IllegalStateException("Input type used in output position")

  override fun toJson(
    writer: JsonWriter,
    customScalarAdapters: CustomScalarAdapters,
    `value`: SearchOptions,
  ) {
    if (value.q is Optional.Present) {
      writer.name("q")
      NullableStringAdapter.present().toJson(writer, customScalarAdapters, value.q)
    }
  }
}
