//
// AUTO-GENERATED FILE. DO NOT MODIFY.
//
// This class was automatically generated by Apollo GraphQL version '$VERSION'.
//
package com.example.flatten_explicitly.fragment

import kotlin.Int
import kotlin.String
import kotlin.Suppress

public interface
    UnnecessaryFragmentForPaginationLinksWithAnExtraBitOfCharactersBecauseIWantItToBeTooLong {
  public val __typename: String

  public val pagelimitpairpaginationlinksbecauseiwantittobetoolongaswelllast:
      Pagelimitpairpaginationlinksbecauseiwantittobetoolongaswelllast?

  public interface Pagelimitpairpaginationlinksbecauseiwantittobetoolongaswelllast :
      UnnecessaryFragmentForPageLimitPairWithAnExtraBitOfCharactersBecauseIWantItToBeTooLong {
    override val __typename: String

    override val page: Int?

    override val limit: Int?

    public companion object {
      @Suppress("USELESS_CAST")
      public
          fun Pagelimitpairpaginationlinksbecauseiwantittobetoolongaswelllast.unnecessaryFragmentForPageLimitPairWithAnExtraBitOfCharactersBecauseIWantItToBeTooLong():
          UnnecessaryFragmentForPageLimitPairWithAnExtraBitOfCharactersBecauseIWantItToBeTooLong? =
          this as?
          UnnecessaryFragmentForPageLimitPairWithAnExtraBitOfCharactersBecauseIWantItToBeTooLong
    }
  }
}
