//
// AUTO-GENERATED FILE. DO NOT MODIFY.
//
// This class was automatically generated by Apollo GraphQL version '4.0.0-beta.3-SNAPSHOT'.
//
package com.example.flatten_explicitly.fragment

import com.apollographql.apollo3.api.Adapter
import com.apollographql.apollo3.api.CompiledField
import com.apollographql.apollo3.api.CustomScalarAdapters
import com.apollographql.apollo3.api.Fragment
import com.apollographql.apollo3.api.json.JsonWriter
import com.apollographql.apollo3.api.obj
import com.example.flatten_explicitly.fragment.selections.UnnecessaryFragmentForPostPageDataWithAnExtraBitOfCharactersBecauseIWantItToBeTooLongSelections
import com.example.flatten_explicitly.type.PostIsTheMainTypeButWeNeedToMakeTheNameMuchLarger
import kotlin.Any
import kotlin.Boolean
import kotlin.Double
import kotlin.Int
import kotlin.String

public class
    UnnecessaryFragmentForPostPageDataWithAnExtraBitOfCharactersBecauseIWantItToBeTooLongImpl() :
    Fragment<UnnecessaryFragmentForPostPageDataWithAnExtraBitOfCharactersBecauseIWantItToBeTooLongImpl.Data>
    {
  override fun equals(other: Any?): Boolean = other != null && other::class == this::class

  override fun hashCode(): Int = this::class.hashCode()

  override fun serializeVariables(
    writer: JsonWriter,
    customScalarAdapters: CustomScalarAdapters,
    withDefaultValues: Boolean,
  ) {
    // This fragment doesn't have any variable
  }

  override fun adapter(): Adapter<Data> =
      UnnecessaryFragmentForPostPageDataWithAnExtraBitOfCharactersBecauseIWantItToBeTooLongImpl_ResponseAdapter.Data.obj()

  override fun rootField(): CompiledField = CompiledField.Builder(
    name = "data",
    type = PostIsTheMainTypeButWeNeedToMakeTheNameMuchLarger.type
  )
  .selections(selections = UnnecessaryFragmentForPostPageDataWithAnExtraBitOfCharactersBecauseIWantItToBeTooLongSelections.__root)
  .build()

  public data class Data(
    override val __typename: String,
    override val id: String?,
    override val title: String?,
    override val thisisauserbutwecallitsomethingmuchlarger:
        Thisisauserbutwecallitsomethingmuchlarger?,
  ) : UnnecessaryFragmentForPostPageDataWithAnExtraBitOfCharactersBecauseIWantItToBeTooLong,
      Fragment.Data {
    public data class Thisisauserbutwecallitsomethingmuchlarger(
      override val __typename: String,
      override val id: String?,
      override val name: String?,
      override val whereintheworldiscarmensandiegoaddress: Whereintheworldiscarmensandiegoaddress?,
    ) :
        UnnecessaryFragmentForPostPageDataWithAnExtraBitOfCharactersBecauseIWantItToBeTooLong.Thisisauserbutwecallitsomethingmuchlarger
        {
      public data class Whereintheworldiscarmensandiegoaddress(
        override val __typename: String,
        override val city: String?,
        override val geoisnotagembutageographiclocationinthiscase:
            Geoisnotagembutageographiclocationinthiscase?,
      ) :
          UnnecessaryFragmentForPostPageDataWithAnExtraBitOfCharactersBecauseIWantItToBeTooLong.Thisisauserbutwecallitsomethingmuchlarger.Whereintheworldiscarmensandiegoaddress
          {
        public data class Geoisnotagembutageographiclocationinthiscase(
          override val __typename: String,
          override val lat: Double?,
          override val lng: Double?,
        ) :
            UnnecessaryFragmentForPostPageDataWithAnExtraBitOfCharactersBecauseIWantItToBeTooLong.Thisisauserbutwecallitsomethingmuchlarger.Whereintheworldiscarmensandiegoaddress.Geoisnotagembutageographiclocationinthiscase
      }
    }
  }
}
