//
// AUTO-GENERATED FILE. DO NOT MODIFY.
//
// This class was automatically generated by Apollo GraphQL version '$VERSION'.
//
package com.example.flatten_explicitly.fragment

import kotlin.Double
import kotlin.String

public interface
    UnnecessaryFragmentForPostPageDataWithAnExtraBitOfCharactersBecauseIWantItToBeTooLong {
  public val __typename: String

  public val id: String?

  public val title: String?

  public val thisisauserbutwecallitsomethingmuchlarger: Thisisauserbutwecallitsomethingmuchlarger?

  public interface Thisisauserbutwecallitsomethingmuchlarger {
    public val __typename: String

    public val id: String?

    public val name: String?

    public val whereintheworldiscarmensandiegoaddress: Whereintheworldiscarmensandiegoaddress?

    public interface Whereintheworldiscarmensandiegoaddress {
      public val __typename: String

      public val city: String?

      public val geoisnotagembutageographiclocationinthiscase:
          Geoisnotagembutageographiclocationinthiscase?

      public interface Geoisnotagembutageographiclocationinthiscase {
        public val __typename: String

        public val lat: Double?

        public val lng: Double?
      }
    }
  }
}
