//
// AUTO-GENERATED FILE. DO NOT MODIFY.
//
// This class was automatically generated by Apollo GraphQL version '4.0.0-beta.3-SNAPSHOT'.
//
package com.example.flatten_explicitly.fragment

import com.apollographql.apollo3.api.Adapter
import com.apollographql.apollo3.api.CompiledField
import com.apollographql.apollo3.api.CustomScalarAdapters
import com.apollographql.apollo3.api.Fragment
import com.apollographql.apollo3.api.json.JsonWriter
import com.apollographql.apollo3.api.obj
import com.example.flatten_explicitly.fragment.selections.UnnecessaryFragmentForPaginationLinksWithAnExtraBitOfCharactersBecauseIWantItToBeTooLongSelections
import com.example.flatten_explicitly.type.PaginationLinksBecauseIWantItToBeTooLong
import kotlin.Any
import kotlin.Boolean
import kotlin.Int
import kotlin.String
import kotlin.Suppress

public class
    UnnecessaryFragmentForPaginationLinksWithAnExtraBitOfCharactersBecauseIWantItToBeTooLongImpl() :
    Fragment<UnnecessaryFragmentForPaginationLinksWithAnExtraBitOfCharactersBecauseIWantItToBeTooLongImpl.Data>
    {
  override fun equals(other: Any?): Boolean = other != null && other::class == this::class

  override fun hashCode(): Int = this::class.hashCode()

  override fun serializeVariables(
    writer: JsonWriter,
    customScalarAdapters: CustomScalarAdapters,
    withDefaultValues: Boolean,
  ) {
    // This fragment doesn't have any variable
  }

  override fun adapter(): Adapter<Data> =
      UnnecessaryFragmentForPaginationLinksWithAnExtraBitOfCharactersBecauseIWantItToBeTooLongImpl_ResponseAdapter.Data.obj()

  override fun rootField(): CompiledField = CompiledField.Builder(
    name = "data",
    type = PaginationLinksBecauseIWantItToBeTooLong.type
  )
  .selections(selections = UnnecessaryFragmentForPaginationLinksWithAnExtraBitOfCharactersBecauseIWantItToBeTooLongSelections.__root)
  .build()

  public data class Data(
    override val __typename: String,
    override val pagelimitpairpaginationlinksbecauseiwantittobetoolongaswelllast:
        Pagelimitpairpaginationlinksbecauseiwantittobetoolongaswelllast?,
  ) : UnnecessaryFragmentForPaginationLinksWithAnExtraBitOfCharactersBecauseIWantItToBeTooLong,
      Fragment.Data {
    public data class Pagelimitpairpaginationlinksbecauseiwantittobetoolongaswelllast(
      override val __typename: String,
      override val page: Int?,
      override val limit: Int?,
    ) : UnnecessaryFragmentForPageLimitPairWithAnExtraBitOfCharactersBecauseIWantItToBeTooLong,
        UnnecessaryFragmentForPaginationLinksWithAnExtraBitOfCharactersBecauseIWantItToBeTooLong.Pagelimitpairpaginationlinksbecauseiwantittobetoolongaswelllast
        {
      public companion object {
        @Suppress("USELESS_CAST")
        public
            fun Pagelimitpairpaginationlinksbecauseiwantittobetoolongaswelllast.unnecessaryFragmentForPageLimitPairWithAnExtraBitOfCharactersBecauseIWantItToBeTooLong():
            UnnecessaryFragmentForPageLimitPairWithAnExtraBitOfCharactersBecauseIWantItToBeTooLong?
            = this as?
            UnnecessaryFragmentForPageLimitPairWithAnExtraBitOfCharactersBecauseIWantItToBeTooLong
      }
    }
  }
}
