//
// AUTO-GENERATED FILE. DO NOT MODIFY.
//
// This class was automatically generated by Apollo GraphQL version '4.0.0-beta.3-SNAPSHOT'.
//
package com.example.flatten_explicitly.fragment

import com.apollographql.apollo3.api.Adapter
import com.apollographql.apollo3.api.CustomScalarAdapters
import com.apollographql.apollo3.api.StringAdapter
import com.apollographql.apollo3.api.json.JsonReader
import com.apollographql.apollo3.api.json.JsonWriter
import com.apollographql.apollo3.api.missingField
import com.apollographql.apollo3.api.nullable
import com.apollographql.apollo3.api.obj
import kotlin.String
import kotlin.collections.List

public object
    UnnecessaryFragmentForPaginationLinksWithAnExtraBitOfCharactersBecauseIWantItToBeTooLongImpl_ResponseAdapter
    {
  public object
      UnnecessaryFragmentForPaginationLinksWithAnExtraBitOfCharactersBecauseIWantItToBeTooLong :
      Adapter<com.example.flatten_explicitly.fragment.UnnecessaryFragmentForPaginationLinksWithAnExtraBitOfCharactersBecauseIWantItToBeTooLong>
      {
    public val RESPONSE_NAMES: List<String> = listOf("__typename",
        "pagelimitpairpaginationlinksbecauseiwantittobetoolongaswelllast")

    override fun fromJson(reader: JsonReader, customScalarAdapters: CustomScalarAdapters):
        com.example.flatten_explicitly.fragment.UnnecessaryFragmentForPaginationLinksWithAnExtraBitOfCharactersBecauseIWantItToBeTooLong {
      var __typename: String? = null
      var _pagelimitpairpaginationlinksbecauseiwantittobetoolongaswelllast: com.example.flatten_explicitly.fragment.UnnecessaryFragmentForPaginationLinksWithAnExtraBitOfCharactersBecauseIWantItToBeTooLong.Pagelimitpairpaginationlinksbecauseiwantittobetoolongaswelllast? = null

      while (true) {
        when (reader.selectName(RESPONSE_NAMES)) {
          0 -> __typename = StringAdapter.fromJson(reader, customScalarAdapters)
          1 -> _pagelimitpairpaginationlinksbecauseiwantittobetoolongaswelllast = Pagelimitpairpaginationlinksbecauseiwantittobetoolongaswelllast.obj(true).nullable().fromJson(reader, customScalarAdapters)
          else -> break
        }
      }

      return com.example.flatten_explicitly.fragment.UnnecessaryFragmentForPaginationLinksWithAnExtraBitOfCharactersBecauseIWantItToBeTooLong(
        __typename = __typename ?: missingField(reader, "__typename"),
        pagelimitpairpaginationlinksbecauseiwantittobetoolongaswelllast = _pagelimitpairpaginationlinksbecauseiwantittobetoolongaswelllast
      )
    }

    override fun toJson(
      writer: JsonWriter,
      customScalarAdapters: CustomScalarAdapters,
      `value`: com.example.flatten_explicitly.fragment.UnnecessaryFragmentForPaginationLinksWithAnExtraBitOfCharactersBecauseIWantItToBeTooLong,
    ) {
      writer.name("__typename")
      StringAdapter.toJson(writer, customScalarAdapters, value.__typename)

      writer.name("pagelimitpairpaginationlinksbecauseiwantittobetoolongaswelllast")
      Pagelimitpairpaginationlinksbecauseiwantittobetoolongaswelllast.obj(true).nullable().toJson(writer,
          customScalarAdapters,
          value.pagelimitpairpaginationlinksbecauseiwantittobetoolongaswelllast)
    }

    private object Pagelimitpairpaginationlinksbecauseiwantittobetoolongaswelllast :
        Adapter<com.example.flatten_explicitly.fragment.UnnecessaryFragmentForPaginationLinksWithAnExtraBitOfCharactersBecauseIWantItToBeTooLong.Pagelimitpairpaginationlinksbecauseiwantittobetoolongaswelllast>
        {
      public val RESPONSE_NAMES: List<String> = listOf("__typename")

      override fun fromJson(reader: JsonReader, customScalarAdapters: CustomScalarAdapters):
          com.example.flatten_explicitly.fragment.UnnecessaryFragmentForPaginationLinksWithAnExtraBitOfCharactersBecauseIWantItToBeTooLong.Pagelimitpairpaginationlinksbecauseiwantittobetoolongaswelllast {
        var __typename: String? = null

        while (true) {
          when (reader.selectName(RESPONSE_NAMES)) {
            0 -> __typename = StringAdapter.fromJson(reader, customScalarAdapters)
            else -> break
          }
        }

        reader.rewind()
        val _unnecessaryFragmentForPageLimitPairWithAnExtraBitOfCharactersBecauseIWantItToBeTooLong = com.example.flatten_explicitly.fragment.UnnecessaryFragmentForPageLimitPairWithAnExtraBitOfCharactersBecauseIWantItToBeTooLongImpl_ResponseAdapter.UnnecessaryFragmentForPageLimitPairWithAnExtraBitOfCharactersBecauseIWantItToBeTooLong.fromJson(reader,
            customScalarAdapters)

        return com.example.flatten_explicitly.fragment.UnnecessaryFragmentForPaginationLinksWithAnExtraBitOfCharactersBecauseIWantItToBeTooLong.Pagelimitpairpaginationlinksbecauseiwantittobetoolongaswelllast(
          __typename = __typename ?: missingField(reader, "__typename"),
          unnecessaryFragmentForPageLimitPairWithAnExtraBitOfCharactersBecauseIWantItToBeTooLong = _unnecessaryFragmentForPageLimitPairWithAnExtraBitOfCharactersBecauseIWantItToBeTooLong
        )
      }

      override fun toJson(
        writer: JsonWriter,
        customScalarAdapters: CustomScalarAdapters,
        `value`: com.example.flatten_explicitly.fragment.UnnecessaryFragmentForPaginationLinksWithAnExtraBitOfCharactersBecauseIWantItToBeTooLong.Pagelimitpairpaginationlinksbecauseiwantittobetoolongaswelllast,
      ) {
        writer.name("__typename")
        StringAdapter.toJson(writer, customScalarAdapters, value.__typename)

        com.example.flatten_explicitly.fragment.UnnecessaryFragmentForPageLimitPairWithAnExtraBitOfCharactersBecauseIWantItToBeTooLongImpl_ResponseAdapter.UnnecessaryFragmentForPageLimitPairWithAnExtraBitOfCharactersBecauseIWantItToBeTooLong.toJson(writer,
            customScalarAdapters,
            value.unnecessaryFragmentForPageLimitPairWithAnExtraBitOfCharactersBecauseIWantItToBeTooLong)
      }
    }
  }
}
