//
// AUTO-GENERATED FILE. DO NOT MODIFY.
//
// This class was automatically generated by Apollo GraphQL version '$VERSION'.
//
package com.example.flatten_explicitly.fragment

import com.apollographql.apollo3.api.Fragment
import kotlin.String

public data class
    UnnecessaryFragmentForPaginationLinksWithAnExtraBitOfCharactersBecauseIWantItToBeTooLong(
  public val __typename: String,
  public val pagelimitpairpaginationlinksbecauseiwantittobetoolongaswelllast:
      Pagelimitpairpaginationlinksbecauseiwantittobetoolongaswelllast?,
) : Fragment.Data {
  public data class Pagelimitpairpaginationlinksbecauseiwantittobetoolongaswelllast(
    public val __typename: String,
    /**
     * Synthetic field for
     * 'UnnecessaryFragmentForPageLimitPairWithAnExtraBitOfCharactersBecauseIWantItToBeTooLong'
     */
    public
        val unnecessaryFragmentForPageLimitPairWithAnExtraBitOfCharactersBecauseIWantItToBeTooLong:
        UnnecessaryFragmentForPageLimitPairWithAnExtraBitOfCharactersBecauseIWantItToBeTooLong,
  )
}
