//
// AUTO-GENERATED FILE. DO NOT MODIFY.
//
// This class was automatically generated by Apollo GraphQL version '4.0.0-beta.3-SNAPSHOT'.
//
package com.example.flatten_explicitly.fragment

import com.apollographql.apollo3.api.Fragment
import kotlin.Double
import kotlin.String

public data class
    UnnecessaryFragmentForPostPageDataWithAnExtraBitOfCharactersBecauseIWantItToBeTooLong(
  public val __typename: String,
  public val id: String?,
  public val title: String?,
  public val thisisauserbutwecallitsomethingmuchlarger: Thisisauserbutwecallitsomethingmuchlarger?,
) : Fragment.Data {
  public data class Thisisauserbutwecallitsomethingmuchlarger(
    public val __typename: String,
    public val id: String?,
    public val name: String?,
    public val whereintheworldiscarmensandiegoaddress: Whereintheworldiscarmensandiegoaddress?,
  ) {
    public data class Whereintheworldiscarmensandiegoaddress(
      public val __typename: String,
      public val city: String?,
      public val geoisnotagembutageographiclocationinthiscase:
          Geoisnotagembutageographiclocationinthiscase?,
    ) {
      public data class Geoisnotagembutageographiclocationinthiscase(
        public val __typename: String,
        public val lat: Double?,
        public val lng: Double?,
      )
    }
  }
}
