//
// AUTO-GENERATED FILE. DO NOT MODIFY.
//
// This class was automatically generated by Apollo GraphQL version '$VERSION'.
//
package com.example.flatten_explicitly.fragment

import com.apollographql.apollo3.api.Adapter
import com.apollographql.apollo3.api.CustomScalarAdapters
import com.apollographql.apollo3.api.NullableIntAdapter
import com.apollographql.apollo3.api.StringAdapter
import com.apollographql.apollo3.api.json.JsonReader
import com.apollographql.apollo3.api.json.JsonWriter
import com.apollographql.apollo3.api.missingField
import kotlin.Int
import kotlin.String
import kotlin.collections.List

public object
    UnnecessaryFragmentForPageLimitPairWithAnExtraBitOfCharactersBecauseIWantItToBeTooLongImpl_ResponseAdapter
    {
  public object
      UnnecessaryFragmentForPageLimitPairWithAnExtraBitOfCharactersBecauseIWantItToBeTooLong :
      Adapter<com.example.flatten_explicitly.fragment.UnnecessaryFragmentForPageLimitPairWithAnExtraBitOfCharactersBecauseIWantItToBeTooLong>
      {
    public val RESPONSE_NAMES: List<String> = listOf("__typename", "page", "limit")

    override fun fromJson(reader: JsonReader, customScalarAdapters: CustomScalarAdapters):
        com.example.flatten_explicitly.fragment.UnnecessaryFragmentForPageLimitPairWithAnExtraBitOfCharactersBecauseIWantItToBeTooLong {
      var __typename: String? = null
      var _page: Int? = null
      var _limit: Int? = null

      while (true) {
        when (reader.selectName(RESPONSE_NAMES)) {
          0 -> __typename = StringAdapter.fromJson(reader, customScalarAdapters)
          1 -> _page = NullableIntAdapter.fromJson(reader, customScalarAdapters)
          2 -> _limit = NullableIntAdapter.fromJson(reader, customScalarAdapters)
          else -> break
        }
      }

      return com.example.flatten_explicitly.fragment.UnnecessaryFragmentForPageLimitPairWithAnExtraBitOfCharactersBecauseIWantItToBeTooLong(
        __typename = __typename ?: missingField(reader, "__typename"),
        page = _page,
        limit = _limit
      )
    }

    override fun toJson(
      writer: JsonWriter,
      customScalarAdapters: CustomScalarAdapters,
      `value`: com.example.flatten_explicitly.fragment.UnnecessaryFragmentForPageLimitPairWithAnExtraBitOfCharactersBecauseIWantItToBeTooLong,
    ) {
      writer.name("__typename")
      StringAdapter.toJson(writer, customScalarAdapters, value.__typename)

      writer.name("page")
      NullableIntAdapter.toJson(writer, customScalarAdapters, value.page)

      writer.name("limit")
      NullableIntAdapter.toJson(writer, customScalarAdapters, value.limit)
    }
  }
}
