//
// AUTO-GENERATED FILE. DO NOT MODIFY.
//
// This class was automatically generated by Apollo GraphQL version '$VERSION'.
//
package com.example.flatten_explicitly.fragment

import com.apollographql.apollo3.api.Fragment
import kotlin.Int
import kotlin.String
import kotlin.collections.List

public data class
    UnnecessaryFragmentForPostsPageWithAnExtraBitOfCharactersBecauseIWantItToBeTooLong(
  public val __typename: String,
  public val postisthemaintypebutweneedtomakethenamemuchlargerdata:
      List<Postisthemaintypebutweneedtomakethenamemuchlargerdatum?>?,
  public val meta: Meta?,
  public val paginationlinksbecauseiwantittobetoolonglinks:
      Paginationlinksbecauseiwantittobetoolonglinks?,
) : Fragment.Data {
  public data class Postisthemaintypebutweneedtomakethenamemuchlargerdatum(
    public val __typename: String,
    /**
     * Synthetic field for
     * 'UnnecessaryFragmentForPostPageDataWithAnExtraBitOfCharactersBecauseIWantItToBeTooLong'
     */
    public
        val unnecessaryFragmentForPostPageDataWithAnExtraBitOfCharactersBecauseIWantItToBeTooLong:
        UnnecessaryFragmentForPostPageDataWithAnExtraBitOfCharactersBecauseIWantItToBeTooLong,
  )

  public data class Meta(
    public val totalCount: Int?,
  )

  public data class Paginationlinksbecauseiwantittobetoolonglinks(
    public val __typename: String,
    /**
     * Synthetic field for
     * 'UnnecessaryFragmentForPaginationLinksWithAnExtraBitOfCharactersBecauseIWantItToBeTooLong'
     */
    public
        val unnecessaryFragmentForPaginationLinksWithAnExtraBitOfCharactersBecauseIWantItToBeTooLong:
        UnnecessaryFragmentForPaginationLinksWithAnExtraBitOfCharactersBecauseIWantItToBeTooLong,
  )
}
