//
// AUTO-GENERATED FILE. DO NOT MODIFY.
//
// This class was automatically generated by Apollo GraphQL version '4.0.0-beta.3-SNAPSHOT'.
//
package com.pinterest.myapolloforkapplication.type.adapter

import com.apollographql.apollo3.api.Adapter
import com.apollographql.apollo3.api.CustomScalarAdapters
import com.apollographql.apollo3.api.NullableDoubleAdapter
import com.apollographql.apollo3.api.Optional
import com.apollographql.apollo3.api.json.JsonReader
import com.apollographql.apollo3.api.json.JsonWriter
import com.apollographql.apollo3.api.present
import com.pinterest.myapolloforkapplication.type.GeoInput
import kotlin.IllegalStateException

public object GeoInput_InputAdapter : Adapter<GeoInput> {
  override fun fromJson(reader: JsonReader, customScalarAdapters: CustomScalarAdapters): GeoInput =
      throw IllegalStateException("Input type used in output position")

  override fun toJson(
    writer: JsonWriter,
    customScalarAdapters: CustomScalarAdapters,
    `value`: GeoInput,
  ) {
    if (value.lat is Optional.Present) {
      writer.name("lat")
      NullableDoubleAdapter.present().toJson(writer, customScalarAdapters, value.lat)
    }
    if (value.lng is Optional.Present) {
      writer.name("lng")
      NullableDoubleAdapter.present().toJson(writer, customScalarAdapters, value.lng)
    }
  }
}
