//
// AUTO-GENERATED FILE. DO NOT MODIFY.
//
// This class was automatically generated by Apollo GraphQL version '4.0.0-beta.3-SNAPSHOT'.
//
package com.pinterest.myapolloforkapplication.type.adapter

import com.apollographql.apollo3.api.Adapter
import com.apollographql.apollo3.api.CustomScalarAdapters
import com.apollographql.apollo3.api.json.JsonReader
import com.apollographql.apollo3.api.json.JsonWriter
import com.pinterest.myapolloforkapplication.type.OperatorKindEnum

public object OperatorKindEnum_ResponseAdapter : Adapter<OperatorKindEnum> {
  override fun fromJson(reader: JsonReader, customScalarAdapters: CustomScalarAdapters):
      OperatorKindEnum {
    val rawValue = reader.nextString()!!
    return OperatorKindEnum.safeValueOf(rawValue)
  }

  override fun toJson(
    writer: JsonWriter,
    customScalarAdapters: CustomScalarAdapters,
    `value`: OperatorKindEnum,
  ) {
    writer.value(value.rawValue)
  }
}
