//
// AUTO-GENERATED FILE. DO NOT MODIFY.
//
// This class was automatically generated by Apollo GraphQL version '4.0.0-beta.3-SNAPSHOT'.
//
package com.example.flatten_explicitly.type.adapter

import com.apollographql.apollo3.api.Adapter
import com.apollographql.apollo3.api.CustomScalarAdapters
import com.apollographql.apollo3.api.NullableStringAdapter
import com.apollographql.apollo3.api.Optional
import com.apollographql.apollo3.api.json.JsonReader
import com.apollographql.apollo3.api.json.JsonWriter
import com.apollographql.apollo3.api.nullable
import com.apollographql.apollo3.api.present
import com.example.flatten_explicitly.type.SortOptions
import kotlin.IllegalStateException

public object SortOptions_InputAdapter : Adapter<SortOptions> {
  override fun fromJson(reader: JsonReader, customScalarAdapters: CustomScalarAdapters): SortOptions
      = throw IllegalStateException("Input type used in output position")

  override fun toJson(
    writer: JsonWriter,
    customScalarAdapters: CustomScalarAdapters,
    `value`: SortOptions,
  ) {
    if (value.`field` is Optional.Present) {
      writer.name("field")
      NullableStringAdapter.present().toJson(writer, customScalarAdapters, value.`field`)
    }
    if (value.order is Optional.Present) {
      writer.name("order")
      SortOrderEnum_ResponseAdapter.nullable().present().toJson(writer, customScalarAdapters,
          value.order)
    }
  }
}
