//
// AUTO-GENERATED FILE. DO NOT MODIFY.
//
// This class was automatically generated by Apollo GraphQL version '4.0.0-beta.3-SNAPSHOT'.
//
package com.pinterest.myapolloforkapplication.type.adapter

import com.apollographql.apollo3.api.Adapter
import com.apollographql.apollo3.api.CustomScalarAdapters
import com.apollographql.apollo3.api.NullableStringAdapter
import com.apollographql.apollo3.api.Optional
import com.apollographql.apollo3.api.json.JsonReader
import com.apollographql.apollo3.api.json.JsonWriter
import com.apollographql.apollo3.api.present
import com.pinterest.myapolloforkapplication.type.UpdateAlbumInput
import kotlin.IllegalStateException

public object UpdateAlbumInput_InputAdapter : Adapter<UpdateAlbumInput> {
  override fun fromJson(reader: JsonReader, customScalarAdapters: CustomScalarAdapters):
      UpdateAlbumInput = throw IllegalStateException("Input type used in output position")

  override fun toJson(
    writer: JsonWriter,
    customScalarAdapters: CustomScalarAdapters,
    `value`: UpdateAlbumInput,
  ) {
    if (value.title is Optional.Present) {
      writer.name("title")
      NullableStringAdapter.present().toJson(writer, customScalarAdapters, value.title)
    }
    if (value.userId is Optional.Present) {
      writer.name("userId")
      NullableStringAdapter.present().toJson(writer, customScalarAdapters, value.userId)
    }
  }
}
