//
// AUTO-GENERATED FILE. DO NOT MODIFY.
//
// This class was automatically generated by Apollo GraphQL version '4.0.0-beta.3-SNAPSHOT'.
//
package com.pinterest.myapolloforkapplication.type.adapter

import com.apollographql.apollo3.api.Adapter
import com.apollographql.apollo3.api.CustomScalarAdapters
import com.apollographql.apollo3.api.NullableStringAdapter
import com.apollographql.apollo3.api.Optional
import com.apollographql.apollo3.api.json.JsonReader
import com.apollographql.apollo3.api.json.JsonWriter
import com.apollographql.apollo3.api.present
import com.pinterest.myapolloforkapplication.type.UpdatePhotoInput
import kotlin.IllegalStateException

public object UpdatePhotoInput_InputAdapter : Adapter<UpdatePhotoInput> {
  override fun fromJson(reader: JsonReader, customScalarAdapters: CustomScalarAdapters):
      UpdatePhotoInput = throw IllegalStateException("Input type used in output position")

  override fun toJson(
    writer: JsonWriter,
    customScalarAdapters: CustomScalarAdapters,
    `value`: UpdatePhotoInput,
  ) {
    if (value.title is Optional.Present) {
      writer.name("title")
      NullableStringAdapter.present().toJson(writer, customScalarAdapters, value.title)
    }
    if (value.url is Optional.Present) {
      writer.name("url")
      NullableStringAdapter.present().toJson(writer, customScalarAdapters, value.url)
    }
    if (value.thumbnailUrl is Optional.Present) {
      writer.name("thumbnailUrl")
      NullableStringAdapter.present().toJson(writer, customScalarAdapters, value.thumbnailUrl)
    }
  }
}
