//
// AUTO-GENERATED FILE. DO NOT MODIFY.
//
// This class was automatically generated by Apollo GraphQL version '4.0.0-beta.3-SNAPSHOT'.
//
package com.pinterest.myapolloforkapplication.type.adapter

import com.apollographql.apollo3.api.Adapter
import com.apollographql.apollo3.api.CustomScalarAdapters
import com.apollographql.apollo3.api.NullableBooleanAdapter
import com.apollographql.apollo3.api.NullableStringAdapter
import com.apollographql.apollo3.api.Optional
import com.apollographql.apollo3.api.json.JsonReader
import com.apollographql.apollo3.api.json.JsonWriter
import com.apollographql.apollo3.api.present
import com.pinterest.myapolloforkapplication.type.UpdateTodoInput
import kotlin.IllegalStateException

public object UpdateTodoInput_InputAdapter : Adapter<UpdateTodoInput> {
  override fun fromJson(reader: JsonReader, customScalarAdapters: CustomScalarAdapters):
      UpdateTodoInput = throw IllegalStateException("Input type used in output position")

  override fun toJson(
    writer: JsonWriter,
    customScalarAdapters: CustomScalarAdapters,
    `value`: UpdateTodoInput,
  ) {
    if (value.title is Optional.Present) {
      writer.name("title")
      NullableStringAdapter.present().toJson(writer, customScalarAdapters, value.title)
    }
    if (value.completed is Optional.Present) {
      writer.name("completed")
      NullableBooleanAdapter.present().toJson(writer, customScalarAdapters, value.completed)
    }
  }
}
