//
// AUTO-GENERATED FILE. DO NOT MODIFY.
//
// This class was automatically generated by Apollo GraphQL version '$VERSION'.
//
package com.example.flatten_explicitly.fragment.selections

import com.apollographql.apollo3.api.CompiledField
import com.apollographql.apollo3.api.CompiledFragment
import com.apollographql.apollo3.api.CompiledSelection
import com.apollographql.apollo3.api.notNull
import com.example.flatten_explicitly.type.GraphQLString
import com.example.flatten_explicitly.type.PageLimitPairPaginationLinksBecauseIWantItToBeTooLongAsWell
import kotlin.collections.List

public object
    UnnecessaryFragmentForPaginationLinksWithAnExtraBitOfCharactersBecauseIWantItToBeTooLongSelections
    {
  private val __pagelimitpairpaginationlinksbecauseiwantittobetoolongaswelllast:
      List<CompiledSelection> = listOf(
        CompiledField.Builder(
          name = "__typename",
          type = GraphQLString.type.notNull()
        ).build(),
        CompiledFragment.Builder(
          typeCondition = "PageLimitPairPaginationLinksBecauseIWantItToBeTooLongAsWell",
          possibleTypes = listOf("PageLimitPairPaginationLinksBecauseIWantItToBeTooLongAsWell")
        ).selections(UnnecessaryFragmentForPageLimitPairWithAnExtraBitOfCharactersBecauseIWantItToBeTooLongSelections.__root)
        .build()
      )

  public val __root: List<CompiledSelection> = listOf(
        CompiledField.Builder(
          name = "__typename",
          type = GraphQLString.type.notNull()
        ).build(),
        CompiledField.Builder(
          name = "pagelimitpairpaginationlinksbecauseiwantittobetoolongaswelllast",
          type = PageLimitPairPaginationLinksBecauseIWantItToBeTooLongAsWell.type
        ).selections(__pagelimitpairpaginationlinksbecauseiwantittobetoolongaswelllast)
        .build()
      )
}
