//
// AUTO-GENERATED FILE. DO NOT MODIFY.
//
// This class was automatically generated by Apollo GraphQL version '4.0.0-beta.3-SNAPSHOT'.
//
package com.pinterest.myapolloforkapplication.type

import com.apollographql.apollo3.api.Optional
import kotlin.String

public data class AddressInput(
  public val street: Optional<String?> = Optional.Absent,
  public val suite: Optional<String?> = Optional.Absent,
  public val city: Optional<String?> = Optional.Absent,
  public val zipcode: Optional<String?> = Optional.Absent,
  public val geo: Optional<GeoInput?> = Optional.Absent,
)
