//
// AUTO-GENERATED FILE. DO NOT MODIFY.
//
// This class was automatically generated by Apollo GraphQL version '4.0.0-beta.3-SNAPSHOT'.
//
package com.pinterest.myapolloforkapplication.type

import com.apollographql.apollo3.api.Optional
import kotlin.String

public data class CompanyInput(
  public val name: Optional<String?> = Optional.Absent,
  public val catchPhrase: Optional<String?> = Optional.Absent,
  public val bs: Optional<String?> = Optional.Absent,
)
