//
// AUTO-GENERATED FILE. DO NOT MODIFY.
//
// This class was automatically generated by Apollo GraphQL version '4.0.0-beta.3-SNAPSHOT'.
//
package com.pinterest.myapolloforkapplication.type

import kotlin.String

public data class CreatePhotoInput(
  public val title: String,
  public val url: String,
  public val thumbnailUrl: String,
)
