//
// AUTO-GENERATED FILE. DO NOT MODIFY.
//
// This class was automatically generated by Apollo GraphQL version '4.0.0-beta.3-SNAPSHOT'.
//
package com.pinterest.myapolloforkapplication.type

import kotlin.Boolean
import kotlin.String

public data class CreateTodoInput(
  public val title: String,
  public val completed: Boolean,
)
