//
// AUTO-GENERATED FILE. DO NOT MODIFY.
//
// This class was automatically generated by Apollo GraphQL version '4.0.0-beta.3-SNAPSHOT'.
//
package com.pinterest.myapolloforkapplication.type

import com.apollographql.apollo3.api.Optional
import kotlin.Double

public data class GeoInput(
  public val lat: Optional<Double?> = Optional.Absent,
  public val lng: Optional<Double?> = Optional.Absent,
)
