//
// AUTO-GENERATED FILE. DO NOT MODIFY.
//
// This class was automatically generated by Apollo GraphQL version '4.0.0-beta.3-SNAPSHOT'.
//
package com.example.flatten_explicitly.type

import com.apollographql.apollo3.api.Optional
import kotlin.String

public data class OperatorOptions(
  public val kind: Optional<OperatorKindEnum?> = Optional.Absent,
  public val `field`: Optional<String?> = Optional.Absent,
  public val `value`: Optional<String?> = Optional.Absent,
)
