//
// AUTO-GENERATED FILE. DO NOT MODIFY.
//
// This class was automatically generated by Apollo GraphQL version '4.0.0-beta.3-SNAPSHOT'.
//
package com.pinterest.myapolloforkapplication.type

import com.apollographql.apollo3.api.Optional
import kotlin.Int

public data class PaginateOptions(
  public val page: Optional<Int?> = Optional.Absent,
  public val limit: Optional<Int?> = Optional.Absent,
)
