//
// AUTO-GENERATED FILE. DO NOT MODIFY.
//
// This class was automatically generated by Apollo GraphQL version '4.0.0-beta.3-SNAPSHOT'.
//
package com.pinterest.myapolloforkapplication.type

import com.apollographql.apollo3.api.ObjectType

public class PostsPageAreAlmostLongEnoughToBeComical {
  public companion object {
    public val type: ObjectType =
        ObjectType.Builder(name = "PostsPageAreAlmostLongEnoughToBeComical").build()
  }
}
