//
// AUTO-GENERATED FILE. DO NOT MODIFY.
//
// This class was automatically generated by Apollo GraphQL version '4.0.0-beta.3-SNAPSHOT'.
//
package com.pinterest.myapolloforkapplication.type

import com.apollographql.apollo3.api.Optional
import kotlin.String

public data class UpdateUserInput(
  public val name: Optional<String?> = Optional.Absent,
  public val username: Optional<String?> = Optional.Absent,
  public val email: Optional<String?> = Optional.Absent,
  public val address: Optional<AddressInput?> = Optional.Absent,
  public val phone: Optional<String?> = Optional.Absent,
  public val website: Optional<String?> = Optional.Absent,
  public val company: Optional<CompanyInput?> = Optional.Absent,
)
