//
// AUTO-GENERATED FILE. DO NOT MODIFY.
//
// This class was automatically generated by Apollo GraphQL version '4.0.0-beta.3-SNAPSHOT'.
//
package com.pinterest.myapolloforkapplication.type

import com.apollographql.apollo3.api.EnumType
import kotlin.Array
import kotlin.Deprecated
import kotlin.String
import kotlin.collections.List

public enum class __DirectiveLocation(
  public val rawValue: String,
) {
  QUERY("QUERY"),
  MUTATION("MUTATION"),
  SUBSCRIPTION("SUBSCRIPTION"),
  FIELD("FIELD"),
  FRAGMENT_DEFINITION("FRAGMENT_DEFINITION"),
  FRAGMENT_SPREAD("FRAGMENT_SPREAD"),
  INLINE_FRAGMENT("INLINE_FRAGMENT"),
  VARIABLE_DEFINITION("VARIABLE_DEFINITION"),
  SCHEMA("SCHEMA"),
  SCALAR("SCALAR"),
  OBJECT("OBJECT"),
  FIELD_DEFINITION("FIELD_DEFINITION"),
  ARGUMENT_DEFINITION("ARGUMENT_DEFINITION"),
  INTERFACE("INTERFACE"),
  UNION("UNION"),
  ENUM("ENUM"),
  ENUM_VALUE("ENUM_VALUE"),
  INPUT_OBJECT("INPUT_OBJECT"),
  INPUT_FIELD_DEFINITION("INPUT_FIELD_DEFINITION"),
  /**
   * Auto generated constant for unknown enum values
   */
  UNKNOWN__("UNKNOWN__"),
  ;

  public companion object {
    public val type: EnumType = EnumType("__DirectiveLocation", listOf("QUERY", "MUTATION",
        "SUBSCRIPTION", "FIELD", "FRAGMENT_DEFINITION", "FRAGMENT_SPREAD", "INLINE_FRAGMENT",
        "VARIABLE_DEFINITION", "SCHEMA", "SCALAR", "OBJECT", "FIELD_DEFINITION",
        "ARGUMENT_DEFINITION", "INTERFACE", "UNION", "ENUM", "ENUM_VALUE", "INPUT_OBJECT",
        "INPUT_FIELD_DEFINITION"))

    /**
     * All [__DirectiveLocation] known at compile time
     */
    public val knownEntries: List<__DirectiveLocation>
      get() = listOf(
        QUERY,
        MUTATION,
        SUBSCRIPTION,
        FIELD,
        FRAGMENT_DEFINITION,
        FRAGMENT_SPREAD,
        INLINE_FRAGMENT,
        VARIABLE_DEFINITION,
        SCHEMA,
        SCALAR,
        OBJECT,
        FIELD_DEFINITION,
        ARGUMENT_DEFINITION,
        INTERFACE,
        UNION,
        ENUM,
        ENUM_VALUE,
        INPUT_OBJECT,
        INPUT_FIELD_DEFINITION)

    /**
     * Returns all [__DirectiveLocation] known at compile time
     */
    @Deprecated(
      message = "Use knownEntries instead",
      replaceWith = ReplaceWith("this.knownEntries"),
    )
    public fun knownValues(): Array<__DirectiveLocation> = knownEntries.toTypedArray()

    public fun safeValueOf(rawValue: String): __DirectiveLocation =
        entries.find { it.rawValue == rawValue } ?: UNKNOWN__
  }
}
