//
// AUTO-GENERATED FILE. DO NOT MODIFY.
//
// This class was automatically generated by Apollo GraphQL version '$VERSION'.
//
package com.example.flatten_explicitly.type

import com.apollographql.apollo3.api.EnumType
import kotlin.Array
import kotlin.Deprecated
import kotlin.String
import kotlin.collections.List

public enum class OperatorKindEnum(
  public val rawValue: String,
) {
  GTE("GTE"),
  LTE("LTE"),
  NE("NE"),
  LIKE("LIKE"),
  /**
   * Auto generated constant for unknown enum values
   */
  UNKNOWN__("UNKNOWN__"),
  ;

  public companion object {
    public val type: EnumType = EnumType("OperatorKindEnum", listOf("GTE", "LTE", "NE", "LIKE"))

    /**
     * All [OperatorKindEnum] known at compile time
     */
    public val knownEntries: List<OperatorKindEnum>
      get() = listOf(
        GTE,
        LTE,
        NE,
        LIKE)

    /**
     * Returns all [OperatorKindEnum] known at compile time
     */
    @Deprecated(
      message = "Use knownEntries instead",
      replaceWith = ReplaceWith("this.knownEntries"),
    )
    public fun knownValues(): Array<OperatorKindEnum> = knownEntries.toTypedArray()

    public fun safeValueOf(rawValue: String): OperatorKindEnum =
        values().find { it.rawValue == rawValue } ?: UNKNOWN__
  }
}
