//
// AUTO-GENERATED FILE. DO NOT MODIFY.
//
// This class was automatically generated by Apollo GraphQL version '4.0.0-beta.3-SNAPSHOT'.
//
package com.pinterest.myapolloforkapplication.type

import com.apollographql.apollo3.api.Optional
import kotlin.Boolean
import kotlin.String

public data class UpdateTodoInput(
  public val title: Optional<String?> = Optional.Absent,
  public val completed: Optional<Boolean?> = Optional.Absent,
)
