//
// AUTO-GENERATED FILE. DO NOT MODIFY.
//
// This class was automatically generated by Apollo GraphQL version '$VERSION'.
//
package com.example.flatten_explicitly.selections

import com.apollographql.apollo3.api.CompiledArgument
import com.apollographql.apollo3.api.CompiledField
import com.apollographql.apollo3.api.CompiledFragment
import com.apollographql.apollo3.api.CompiledSelection
import com.apollographql.apollo3.api.CompiledVariable
import com.apollographql.apollo3.api.notNull
import com.example.flatten_explicitly.fragment.selections.UnnecessaryFragmentForPostsPageWithAnExtraBitOfCharactersBecauseIWantItToBeTooLongSelections
import com.example.flatten_explicitly.type.GraphQLString
import com.example.flatten_explicitly.type.PostsPageAreAlmostLongEnoughToBeComical
import kotlin.collections.List

public object MyQueryIsNamedReallyLongOnPurposeBecauseIWantItToBeTooLongSelections {
  private val __postspagearealmostlongenoughtobecomicals: List<CompiledSelection> = listOf(
        CompiledField.Builder(
          name = "__typename",
          type = GraphQLString.type.notNull()
        ).build(),
        CompiledFragment.Builder(
          typeCondition = "PostsPageAreAlmostLongEnoughToBeComical",
          possibleTypes = listOf("PostsPageAreAlmostLongEnoughToBeComical")
        ).selections(UnnecessaryFragmentForPostsPageWithAnExtraBitOfCharactersBecauseIWantItToBeTooLongSelections.__root)
        .build()
      )

  public val __root: List<CompiledSelection> = listOf(
        CompiledField.Builder(
          name = "postspagearealmostlongenoughtobecomicals",
          type = PostsPageAreAlmostLongEnoughToBeComical.type
        ).arguments(listOf(
          CompiledArgument.Builder("options").value(CompiledVariable("options")).build()
        ))
        .selections(__postspagearealmostlongenoughtobecomicals)
        .build()
      )
}
